###############################################################################
#
# IAR ELF Linker V8.11.1.13263/W32 for ARM                13/Jun/2017  17:35:34
# Copyright 2007-2017 IAR Systems AB.
#
#    Output file  =  
#        C:\Users\TR\Documents\STMWORKSPACE\F4_Usart_and_STEP\EWARM\F4_Usart_and_STEP\Exe\F4_Usart_and_STEP.out
#    Map file     =  
#        C:\Users\TR\Documents\STMWORKSPACE\F4_Usart_and_STEP\EWARM\F4_Usart_and_STEP\List\F4_Usart_and_STEP.map
#    Command line =  
#        -f C:\Users\TR\AppData\Local\Temp\EWBB17.tmp
#        (C:\Users\TR\Documents\STMWORKSPACE\F4_Usart_and_STEP\EWARM\F4_Usart_and_STEP\Obj\main.o
#        C:\Users\TR\Documents\STMWORKSPACE\F4_Usart_and_STEP\EWARM\F4_Usart_and_STEP\Obj\startup_stm32f407xx.o
#        C:\Users\TR\Documents\STMWORKSPACE\F4_Usart_and_STEP\EWARM\F4_Usart_and_STEP\Obj\stm32f4xx_hal.o
#        C:\Users\TR\Documents\STMWORKSPACE\F4_Usart_and_STEP\EWARM\F4_Usart_and_STEP\Obj\stm32f4xx_hal_cortex.o
#        C:\Users\TR\Documents\STMWORKSPACE\F4_Usart_and_STEP\EWARM\F4_Usart_and_STEP\Obj\stm32f4xx_hal_dma.o
#        C:\Users\TR\Documents\STMWORKSPACE\F4_Usart_and_STEP\EWARM\F4_Usart_and_STEP\Obj\stm32f4xx_hal_dma_ex.o
#        C:\Users\TR\Documents\STMWORKSPACE\F4_Usart_and_STEP\EWARM\F4_Usart_and_STEP\Obj\stm32f4xx_hal_flash.o
#        C:\Users\TR\Documents\STMWORKSPACE\F4_Usart_and_STEP\EWARM\F4_Usart_and_STEP\Obj\stm32f4xx_hal_flash_ex.o
#        C:\Users\TR\Documents\STMWORKSPACE\F4_Usart_and_STEP\EWARM\F4_Usart_and_STEP\Obj\stm32f4xx_hal_flash_ramfunc.o
#        C:\Users\TR\Documents\STMWORKSPACE\F4_Usart_and_STEP\EWARM\F4_Usart_and_STEP\Obj\stm32f4xx_hal_gpio.o
#        C:\Users\TR\Documents\STMWORKSPACE\F4_Usart_and_STEP\EWARM\F4_Usart_and_STEP\Obj\stm32f4xx_hal_msp.o
#        C:\Users\TR\Documents\STMWORKSPACE\F4_Usart_and_STEP\EWARM\F4_Usart_and_STEP\Obj\stm32f4xx_hal_pwr.o
#        C:\Users\TR\Documents\STMWORKSPACE\F4_Usart_and_STEP\EWARM\F4_Usart_and_STEP\Obj\stm32f4xx_hal_pwr_ex.o
#        C:\Users\TR\Documents\STMWORKSPACE\F4_Usart_and_STEP\EWARM\F4_Usart_and_STEP\Obj\stm32f4xx_hal_rcc.o
#        C:\Users\TR\Documents\STMWORKSPACE\F4_Usart_and_STEP\EWARM\F4_Usart_and_STEP\Obj\stm32f4xx_hal_rcc_ex.o
#        C:\Users\TR\Documents\STMWORKSPACE\F4_Usart_and_STEP\EWARM\F4_Usart_and_STEP\Obj\stm32f4xx_hal_tim.o
#        C:\Users\TR\Documents\STMWORKSPACE\F4_Usart_and_STEP\EWARM\F4_Usart_and_STEP\Obj\stm32f4xx_hal_tim_ex.o
#        C:\Users\TR\Documents\STMWORKSPACE\F4_Usart_and_STEP\EWARM\F4_Usart_and_STEP\Obj\stm32f4xx_hal_uart.o
#        C:\Users\TR\Documents\STMWORKSPACE\F4_Usart_and_STEP\EWARM\F4_Usart_and_STEP\Obj\stm32f4xx_it.o
#        C:\Users\TR\Documents\STMWORKSPACE\F4_Usart_and_STEP\EWARM\F4_Usart_and_STEP\Obj\system_stm32f4xx.o
#        --redirect _Printf=_PrintfFull --redirect _Scanf=_ScanfFull -o
#        C:\Users\TR\Documents\STMWORKSPACE\F4_Usart_and_STEP\EWARM\F4_Usart_and_STEP\Exe\F4_Usart_and_STEP.out
#        --map
#        C:\Users\TR\Documents\STMWORKSPACE\F4_Usart_and_STEP\EWARM\F4_Usart_and_STEP\List\F4_Usart_and_STEP.map
#        --config
#        C:\Users\TR\Documents\STMWORKSPACE\F4_Usart_and_STEP\EWARM/stm32f407xx_flash.icf
#        --semihosting --entry __iar_program_start --vfe --text_out locale)
#
###############################################################################

*******************************************************************************
*** RUNTIME MODEL ATTRIBUTES
***

CppFlavor       = *
__Heap_Handler  = Basic
__SystemLibrary = DLib
__dlib_version  = 6


*******************************************************************************
*** HEAP SELECTION
***

The basic heap was selected because some modules are built with
size limitations (and not runtime checking), and --advanced_heap
was not specified.


*******************************************************************************
*** PLACEMENT SUMMARY
***

"A0":  place at 0x08000000 { ro section .intvec };
"P1":  place in [from 0x08000000 to 0x080fffff] { ro };
"P2":  place in [from 0x20000000 to 0x2001ffff] { rw, block CSTACK, block HEAP };
initialize by copy { rw };

  Section            Kind        Address    Size  Object
  -------            ----        -------    ----  ------
"A0":                                      0x188
  .intvec            ro code  0x08000000   0x188  startup_stm32f407xx.o [1]
                            - 0x08000188   0x188

"P1":                                     0x3e1f
  .text              ro code  0x08000188   0xf4e  xprintffull.o [3]
  .text              ro code  0x080010d6    0x7a  lz77_init_single.o [5]
  .text              ro code  0x08001150    0xa8  xlocale_c.o [3]
  .text              ro code  0x080011f8    0x16  strchr.o [5]
  .text              ro code  0x0800120e    0x1e  xencoding_8859_1.o [3]
  .text              ro code  0x0800122c    0x44  xfail_s.o [3]
  .text              ro code  0x08001270    0x36  strlen.o [5]
  .text              ro code  0x080012a8    0x58  memchr.o [5]
  .text              ro code  0x08001300     0xa  xmbcurmax.o [3]
  .text              ro code  0x0800130c    0xa6  ABImemcpy.o [5]
  .text              ro code  0x080013b4    0xee  I64DivMod.o [5]
  .text              ro code  0x080014a4   0x192  DblMul.o [4]
  .text              ro code  0x08001638    0x70  frexp.o [4]
  .text              ro code  0x080016a8    0x2e  DblCmpLe.o [4]
  .text              ro code  0x080016d8    0x2e  DblCmpGe.o [4]
  .text              ro code  0x08001708   0x13a  ldexp.o [4]
  .text              ro code  0x08001844    0x3a  DblToS32.o [4]
  .text              ro code  0x08001880    0x22  S32ToDbl.o [4]
  .text              ro code  0x080018a4    0xe2  DblSub.o [4]
  .text              ro code  0x08001988   0x246  DblDiv.o [4]
  .text              ro code  0x08001bd0    0x28  DblToU32.o [4]
  .text              ro code  0x08001bf8    0x1a  U32ToDbl.o [4]
  .text              ro code  0x08001c12     0x6  abort.o [3]
  .text              ro code  0x08001c18     0x2  I64DivZer.o [5]
  .text              ro code  0x08001c1c   0x168  DblAdd.o [4]
  .text              ro code  0x08001d84    0x14  exit.o [6]
  .text              ro code  0x08001d98    0x68  iarttio.o [6]
  .text              ro code  0x08001e00     0x8  XShttio.o [3]
  .text              ro code  0x08001e08   0x456  stm32f4xx_hal_uart.o [1]
  .text              ro code  0x08002260   0x144  stm32f4xx_hal_msp.o [1]
  .text              ro code  0x080023a4    0x24  stm32f4xx_hal_dma.o [1]
  .text              ro code  0x080023c8     0x2  stm32f4xx_hal_uart.o [1]
  .text              ro code  0x080023ca     0x2  stm32f4xx_hal_uart.o [1]
  .text              ro code  0x080023cc   0x360  main.o [1]
  .text              ro code  0x0800272c   0x1d4  stm32f4xx_hal_rcc.o [1]
  .text              ro code  0x08002900    0xe2  stm32f4xx_hal_cortex.o [1]
  .text              ro code  0x080029e4   0x1d8  stm32f4xx_hal_gpio.o [1]
  .text              ro code  0x08002bbc     0x6  ABImemclr4.o [5]
  .text              ro code  0x08002bc4    0x34  stm32f4xx_hal.o [1]
  .text              ro code  0x08002bf8   0x39a  stm32f4xx_hal_tim.o [1]
  .text              ro code  0x08002f94   0x170  iar_Stoulx.o [3]
  .text              ro code  0x08003104    0x28  printf.o [3]
  .text              ro code  0x0800312c   0x2d0  stm32f4xx_hal_rcc.o [1]
  .text              ro code  0x080033fc    0x4a  stm32f4xx_hal_tim_ex.o [1]
  .text              ro code  0x08003448     0xc  stm32f4xx_hal.o [1]
  .text              ro code  0x08003454    0x28  stm32f4xx_hal.o [1]
  .text              ro code  0x0800347c    0x32  ABImemset48.o [5]
  .text              ro code  0x080034ae     0x2  stm32f4xx_hal_tim.o [1]
  .text              ro code  0x080034b0     0x2  stm32f4xx_hal_tim.o [1]
  .text              ro code  0x080034b2     0x2  stm32f4xx_hal_tim_ex.o [1]
  .text              ro code  0x080034b4     0x2  stm32f4xx_hal_tim.o [1]
  .text              ro code  0x080034b6     0x2  stm32f4xx_hal_tim_ex.o [1]
  .text              ro code  0x080034b8     0x2  stm32f4xx_hal_tim.o [1]
  .text              ro code  0x080034ba    0x14  isspace.o [3]
  .text              ro code  0x080034ce    0x14  tolower.o [3]
  .text              ro code  0x080034e4   0x134  heap0.o [3]
  .text              ro code  0x08003618    0x2c  xgetmemchunk.o [3]
  .text              ro code  0x08003644    0xd8  xfspos.o [3]
  .text              ro code  0x0800371c    0xac  fflush.o [3]
  .text              ro code  0x080037c8     0xc  xfgpos.o [3]
  .text              ro code  0x080037d4    0x4c  lseek.o [6]
  .text              ro code  0x08003820    0x10  write.o [6]
  .text              ro code  0x08003830    0xcc  XShHandles.o [3]
  .text              ro code  0x080038fc    0x1e  dwrite.o [6]
  .text              ro code  0x0800391a    0x20  iarwstd.o [6]
  .text              ro code  0x0800393a    0x22  iarwrite.o [6]
  .text              ro code  0x0800395c    0xb4  xfwprep.o [3]
  .text              ro code  0x08003a10    0x24  fseek.o [3]
  .text              ro code  0x08003a34    0x7e  fclose.o [3]
  .text              ro code  0x08003ab4    0x7c  xfofind.o [3]
  .text              ro code  0x08003b30     0x4  heaptramp0.o [3]
  .text              ro code  0x08003b34    0x1a  close.o [6]
  .text              ro code  0x08003b4e    0x16  remove.o [6]
  .text              ro code  0x08003b64    0x60  system_stm32f4xx.o [1]
  .text              ro code  0x08003bc4    0x56  fputc.o [3]
  .text              ro code  0x08003c1a    0x40  zero_init3.o [5]
  .text              ro code  0x08003c5c    0x3c  xcloseall.o [3]
  .text              ro code  0x08003c98    0x30  stm32f4xx_it.o [1]
  .text              ro code  0x08003cc8    0x10  stm32f4xx_hal.o [1]
  .text              ro code  0x08003cd8    0x28  data_init.o [5]
  .text              ro code  0x08003d00    0x22  fpinit_M.o [4]
  .iar.init_table    const    0x08003d24    0x20  - Linker created -
  .text              ro code  0x08003d44    0x1a  cmain.o [5]
  .text              ro code  0x08003d5e     0x4  low_level_init.o [3]
  .text              ro code  0x08003d62     0x4  exit.o [3]
  .text              ro code  0x08003d68     0xe  cexit.o [5]
  .text              ro code  0x08003d76    0x16  xprout.o [3]
  .text              ro code  0x08003d8c     0xc  putchar.o [3]
  .text              ro code  0x08003d98    0x10  startup_stm32f407xx.o [1]
  .text              ro code  0x08003da8     0xc  cstartup_M.o [5]
  .rodata            const    0x08003db4     0x8  system_stm32f4xx.o [1]
  .rodata            const    0x08003dbc     0x6  xlocale_c.o [3]
  .text              ro code  0x08003dc2     0x4  startup_stm32f407xx.o [1]
  .text              ro code  0x08003dc6     0x4  startup_stm32f407xx.o [1]
  .text              ro code  0x08003dca     0x4  startup_stm32f407xx.o [1]
  .text              ro code  0x08003dce     0x4  startup_stm32f407xx.o [1]
  .text              ro code  0x08003dd2     0x4  startup_stm32f407xx.o [1]
  .text              ro code  0x08003dd6     0x4  startup_stm32f407xx.o [1]
  .text              ro code  0x08003dda     0x4  startup_stm32f407xx.o [1]
  .text              ro code  0x08003dde     0x4  startup_stm32f407xx.o [1]
  .text              ro code  0x08003de2     0x4  startup_stm32f407xx.o [1]
  .text              ro code  0x08003de6     0x4  startup_stm32f407xx.o [1]
  .text              ro code  0x08003dea     0x4  startup_stm32f407xx.o [1]
  .text              ro code  0x08003dee     0x4  startup_stm32f407xx.o [1]
  .text              ro code  0x08003df2     0x4  startup_stm32f407xx.o [1]
  .text              ro code  0x08003df6     0x4  startup_stm32f407xx.o [1]
  .text              ro code  0x08003dfa     0x4  startup_stm32f407xx.o [1]
  .text              ro code  0x08003dfe     0x4  startup_stm32f407xx.o [1]
  .text              ro code  0x08003e02     0x4  startup_stm32f407xx.o [1]
  .text              ro code  0x08003e06     0x4  startup_stm32f407xx.o [1]
  .text              ro code  0x08003e0a     0x4  startup_stm32f407xx.o [1]
  .text              ro code  0x08003e0e     0x4  startup_stm32f407xx.o [1]
  .text              ro code  0x08003e12     0x4  startup_stm32f407xx.o [1]
  .text              ro code  0x08003e16     0x4  startup_stm32f407xx.o [1]
  .text              ro code  0x08003e1a     0x4  startup_stm32f407xx.o [1]
  .text              ro code  0x08003e1e     0x4  startup_stm32f407xx.o [1]
  .text              ro code  0x08003e22     0x4  startup_stm32f407xx.o [1]
  .text              ro code  0x08003e26     0x4  startup_stm32f407xx.o [1]
  .text              ro code  0x08003e2a     0x4  startup_stm32f407xx.o [1]
  .text              ro code  0x08003e2e     0x4  startup_stm32f407xx.o [1]
  .text              ro code  0x08003e32     0x4  startup_stm32f407xx.o [1]
  .text              ro code  0x08003e36     0x4  startup_stm32f407xx.o [1]
  .text              ro code  0x08003e3a     0x4  startup_stm32f407xx.o [1]
  .text              ro code  0x08003e3e     0x4  startup_stm32f407xx.o [1]
  .text              ro code  0x08003e42     0x4  startup_stm32f407xx.o [1]
  .text              ro code  0x08003e46     0x4  startup_stm32f407xx.o [1]
  .text              ro code  0x08003e4a     0x4  startup_stm32f407xx.o [1]
  .text              ro code  0x08003e4e     0x4  startup_stm32f407xx.o [1]
  .text              ro code  0x08003e52     0x4  startup_stm32f407xx.o [1]
  .text              ro code  0x08003e56     0x4  startup_stm32f407xx.o [1]
  .text              ro code  0x08003e5a     0x4  startup_stm32f407xx.o [1]
  .text              ro code  0x08003e5e     0x4  startup_stm32f407xx.o [1]
  .text              ro code  0x08003e62     0x4  startup_stm32f407xx.o [1]
  .text              ro code  0x08003e66     0x4  startup_stm32f407xx.o [1]
  .text              ro code  0x08003e6a     0x4  startup_stm32f407xx.o [1]
  .text              ro code  0x08003e6e     0x4  startup_stm32f407xx.o [1]
  .text              ro code  0x08003e72     0x4  startup_stm32f407xx.o [1]
  .text              ro code  0x08003e76     0x4  startup_stm32f407xx.o [1]
  .text              ro code  0x08003e7a     0x4  startup_stm32f407xx.o [1]
  .text              ro code  0x08003e7e     0x4  startup_stm32f407xx.o [1]
  .text              ro code  0x08003e82     0x4  startup_stm32f407xx.o [1]
  .text              ro code  0x08003e86     0x4  startup_stm32f407xx.o [1]
  .text              ro code  0x08003e8a     0x4  startup_stm32f407xx.o [1]
  .text              ro code  0x08003e8e     0x4  startup_stm32f407xx.o [1]
  .text              ro code  0x08003e92     0x4  startup_stm32f407xx.o [1]
  .text              ro code  0x08003e96     0x4  startup_stm32f407xx.o [1]
  .text              ro code  0x08003e9a     0x4  startup_stm32f407xx.o [1]
  .text              ro code  0x08003e9e     0x4  startup_stm32f407xx.o [1]
  .text              ro code  0x08003ea2     0x4  startup_stm32f407xx.o [1]
  .text              ro code  0x08003ea6     0x4  startup_stm32f407xx.o [1]
  .text              ro code  0x08003eaa     0x4  startup_stm32f407xx.o [1]
  .text              ro code  0x08003eae     0x4  startup_stm32f407xx.o [1]
  .text              ro code  0x08003eb2     0x4  startup_stm32f407xx.o [1]
  .text              ro code  0x08003eb6     0x4  startup_stm32f407xx.o [1]
  .text              ro code  0x08003eba     0x4  startup_stm32f407xx.o [1]
  .text              ro code  0x08003ebe     0x4  startup_stm32f407xx.o [1]
  .text              ro code  0x08003ec2     0x4  startup_stm32f407xx.o [1]
  .text              ro code  0x08003ec6     0x4  startup_stm32f407xx.o [1]
  .text              ro code  0x08003eca     0x4  startup_stm32f407xx.o [1]
  .text              ro code  0x08003ece     0x4  startup_stm32f407xx.o [1]
  .text              ro code  0x08003ed2     0x4  startup_stm32f407xx.o [1]
  .text              ro code  0x08003ed6     0x4  startup_stm32f407xx.o [1]
  .text              ro code  0x08003eda     0x4  startup_stm32f407xx.o [1]
  .text              ro code  0x08003ede     0x4  startup_stm32f407xx.o [1]
  .text              ro code  0x08003ee2     0x4  startup_stm32f407xx.o [1]
  .text              ro code  0x08003ee6     0x4  startup_stm32f407xx.o [1]
  .text              ro code  0x08003eea     0x4  startup_stm32f407xx.o [1]
  .text              ro code  0x08003eee     0x4  startup_stm32f407xx.o [1]
  .text              ro code  0x08003ef2     0x4  startup_stm32f407xx.o [1]
  .text              ro code  0x08003ef6     0x4  startup_stm32f407xx.o [1]
  .text              ro code  0x08003efa     0x4  startup_stm32f407xx.o [1]
  .text              ro code  0x08003efe     0x4  startup_stm32f407xx.o [1]
  .text              ro code  0x08003f02     0x4  startup_stm32f407xx.o [1]
  .text              ro code  0x08003f06     0x4  startup_stm32f407xx.o [1]
  .text              ro code  0x08003f0a     0x4  startup_stm32f407xx.o [1]
  .text              ro code  0x08003f0e     0x4  startup_stm32f407xx.o [1]
  .text              ro code  0x08003f14     0x0  cstart_closeall.o [5]
  .rodata            const    0x08003f14     0x0  zero_init3.o [5]
  .rodata            const    0x08003f14     0x0  lz77_init_single.o [5]
  Initializer bytes  const    0x08003f14    0x93  <for P2-1>
                            - 0x08003fa7  0x3e1f

"P2", part 1 of 3:                         0x184
  P2-1                        0x20000000   0x184  <Init block>
    .data            inited   0x20000000     0x4  system_stm32f4xx.o [1]
    .data            inited   0x20000004    0x38  xlocale_c.o [3]
    .data            inited   0x2000003c    0x48  xlocale_c.o [3]
    .data            inited   0x20000084    0x48  xfiles.o [3]
    .data            inited   0x200000cc    0x48  xfiles.o [3]
    .data            inited   0x20000114    0x48  xfiles.o [3]
    .data            inited   0x2000015c    0x20  xfiles.o [3]
    .data            inited   0x2000017c     0x8  XShttio.o [3]
                            - 0x20000184   0x184

"P2", part 2 of 3:                         0x600
  CSTACK                      0x20000188   0x400  <Block>
    CSTACK           uninit   0x20000188   0x400  <Block tail>
  HEAP                        0x20000588   0x200  <Block>
    HEAP             uninit   0x20000588   0x200  <Block tail>
                            - 0x20000788   0x600

"P2", part 3 of 3:                         0x258
  .bss               zero     0x20000788    0x80  XShHandles.o [3]
  .bss               zero     0x20000808    0x64  main.o [1]
  .bss               zero     0x2000086c    0x50  xfiles.o [3]
  .bss               zero     0x200008bc    0x50  xfiles.o [3]
  .bss               zero     0x2000090c    0x44  main.o [1]
  .bss               zero     0x20000950    0x40  main.o [1]
  .bss               zero     0x20000990    0x3c  main.o [1]
  .bss               zero     0x200009cc     0x8  heap0.o [3]
  .bss               zero     0x200009d4     0x4  stm32f4xx_hal.o [1]
  .bss               zero     0x200009d8     0x4  xfail_s.o [3]
  .bss               zero     0x200009dc     0x4  xgetmemchunk.o [3]
                            - 0x200009e0   0x258


*******************************************************************************
*** INIT TABLE
***

          Address     Size
          -------     ----
Zero (__iar_zero_init3)
    1 destination range, total size 0x258:
          0x20000788  0x258

Copy/lz77 (__iar_lz77_init_single3)
    1 source range, total size 0x93 (37% of destination):
          0x08003f14   0x93
    1 destination range, total size 0x184:
          0x20000000  0x184



*******************************************************************************
*** MODULE SUMMARY
***

    Module                  ro code  ro data  rw data
    ------                  -------  -------  -------
C:\Users\TR\Documents\STMWORKSPACE\F4_Usart_and_STEP\EWARM\F4_Usart_and_STEP\Obj: [1]
    main.o                      864               292
    startup_stm32f407xx.o       744
    stm32f4xx_hal.o             120                 4
    stm32f4xx_hal_cortex.o      226
    stm32f4xx_hal_dma.o          36
    stm32f4xx_hal_gpio.o        472
    stm32f4xx_hal_msp.o         324
    stm32f4xx_hal_rcc.o       1 188
    stm32f4xx_hal_tim.o         930
    stm32f4xx_hal_tim_ex.o       78
    stm32f4xx_hal_uart.o      1 114
    stm32f4xx_it.o               48
    system_stm32f4xx.o           96        9        4
    -------------------------------------------------
    Total:                    6 240        9      300

command line: [2]
    -------------------------------------------------
    Total:

dl7M_tlf.a: [3]
    XShHandles.o                204               128
    XShttio.o                     8        4        8
    abort.o                       6
    exit.o                        4
    fclose.o                    126
    fflush.o                    172
    fputc.o                      86
    fseek.o                      36
    heap0.o                     308                 8
    heaptramp0.o                  4
    iar_Stoulx.o                368
    isspace.o                    20
    low_level_init.o              4
    printf.o                     40
    putchar.o                    12
    tolower.o                    20
    xcloseall.o                  60
    xencoding_8859_1.o           30
    xfail_s.o                    68                 4
    xfgpos.o                     12
    xfiles.o                              93      408
    xfofind.o                   124
    xfspos.o                    216
    xfwprep.o                   180
    xgetmemchunk.o               44                 4
    xlocale_c.o                 168       55      128
    xmbcurmax.o                  10
    xprintffull.o             3 918
    xprout.o                     22
    -------------------------------------------------
    Total:                    6 270      152      688

m7M_tls.a: [4]
    DblAdd.o                    360
    DblCmpGe.o                   46
    DblCmpLe.o                   46
    DblDiv.o                    582
    DblMul.o                    402
    DblSub.o                    226
    DblToS32.o                   58
    DblToU32.o                   40
    S32ToDbl.o                   34
    U32ToDbl.o                   26
    fpinit_M.o                   34
    frexp.o                     112
    ldexp.o                     314
    -------------------------------------------------
    Total:                    2 280

rt7M_tl.a: [5]
    ABImemclr4.o                  6
    ABImemcpy.o                 166
    ABImemset48.o                50
    I64DivMod.o                 238
    I64DivZer.o                   2
    cexit.o                      14
    cmain.o                      26
    cstart_closeall.o
    cstartup_M.o                 12
    data_init.o                  40
    lz77_init_single.o          122
    memchr.o                     88
    strchr.o                     22
    strlen.o                     54
    zero_init3.o                 64
    -------------------------------------------------
    Total:                      904

shb_l.a: [6]
    close.o                      26
    dwrite.o                     30
    exit.o                       20
    iarttio.o                   104
    iarwrite.o                   34
    iarwstd.o                    32
    lseek.o                      76
    remove.o                     22
    write.o                      16
    -------------------------------------------------
    Total:                      360

    Gaps                         46        2
    Linker created                        32    1 536
-----------------------------------------------------
    Grand Total:             16 100      195    2 524


*******************************************************************************
*** ENTRY LIST
***

Entry                      Address   Size  Type      Object
-----                      -------   ----  ----      ------
.iar.init_table$$Base   0x08003d24          --   Gb  - Linker created -
.iar.init_table$$Limit  0x08003d44          --   Gb  - Linker created -
?main                   0x08003d45         Code  Gb  cmain.o [5]
AHBPrescTable           0x08003bb4   0x10  Data  Gb  system_stm32f4xx.o [1]
APBPrescTable           0x08003db4    0x8  Data  Gb  system_stm32f4xx.o [1]
Aldata                  0x200009cc    0x8  Data  Lc  heap0.o [3]
CSTACK$$Base            0x20000188          --   Gb  - Linker created -
CSTACK$$Limit           0x20000588          --   Gb  - Linker created -
CacheMore               0x08001181   0x24  Code  Lc  xlocale_c.o [3]
HAL_DMA_Abort_IT        0x080023a5   0x24  Code  Gb  stm32f4xx_hal_dma.o [1]
HAL_GPIO_Init           0x080029e5  0x19a  Code  Gb  stm32f4xx_hal_gpio.o [1]
HAL_GPIO_TogglePin      0x08002b87    0x8  Code  Gb  stm32f4xx_hal_gpio.o [1]
HAL_GPIO_WritePin       0x08002b7f    0x8  Code  Gb  stm32f4xx_hal_gpio.o [1]
HAL_GetTick             0x08003449    0xc  Code  Wk  stm32f4xx_hal.o [1]
HAL_IncTick             0x08003cc9   0x10  Code  Wk  stm32f4xx_hal.o [1]
HAL_Init                0x08002bc5   0x30  Code  Gb  stm32f4xx_hal.o [1]
HAL_InitTick            0x08003455   0x28  Code  Wk  stm32f4xx_hal.o [1]
HAL_MspInit             0x08002261   0x60  Code  Gb  stm32f4xx_hal_msp.o [1]
HAL_NVIC_EnableIRQ      0x0800296f    0xa  Code  Gb  stm32f4xx_hal_cortex.o [1]
HAL_NVIC_SetPriority    0x08002935   0x3a  Code  Gb  stm32f4xx_hal_cortex.o [1]
HAL_NVIC_SetPriorityGrouping
                        0x0800291b   0x1a  Code  Gb  stm32f4xx_hal_cortex.o [1]
HAL_RCC_ClockConfig     0x0800272d  0x12a  Code  Gb  stm32f4xx_hal_rcc.o [1]
HAL_RCC_GetHCLKFreq     0x08002865    0x6  Code  Gb  stm32f4xx_hal_rcc.o [1]
HAL_RCC_GetPCLK1Freq    0x0800286b   0x10  Code  Gb  stm32f4xx_hal_rcc.o [1]
HAL_RCC_GetPCLK2Freq    0x0800287b    0xe  Code  Gb  stm32f4xx_hal_rcc.o [1]
HAL_RCC_OscConfig       0x0800312d  0x2d0  Code  Wk  stm32f4xx_hal_rcc.o [1]
HAL_SYSTICK_CLKSourceConfig
                        0x080029ab   0x1a  Code  Gb  stm32f4xx_hal_cortex.o [1]
HAL_SYSTICK_Config      0x08002983   0x28  Code  Gb  stm32f4xx_hal_cortex.o [1]
HAL_SYSTICK_IRQHandler  0x080029dd    0x4  Code  Gb  stm32f4xx_hal_cortex.o [1]
HAL_TIMEx_BreakCallback
                        0x080034b3    0x2  Code  Wk  stm32f4xx_hal_tim_ex.o [1]
HAL_TIMEx_CommutationCallback
                        0x080034b7    0x2  Code  Wk  stm32f4xx_hal_tim_ex.o [1]
HAL_TIMEx_MasterConfigSynchronization
                        0x080033fd   0x4a  Code  Gb  stm32f4xx_hal_tim_ex.o [1]
HAL_TIM_Base_Init       0x08002bf9   0x1a  Code  Gb  stm32f4xx_hal_tim.o [1]
HAL_TIM_Base_MspInit    0x080022c1   0x36  Code  Gb  stm32f4xx_hal_msp.o [1]
HAL_TIM_Base_Start_IT   0x08002c13   0x16  Code  Gb  stm32f4xx_hal_tim.o [1]
HAL_TIM_ConfigClockSource
                        0x08002d95   0xac  Code  Gb  stm32f4xx_hal_tim.o [1]
HAL_TIM_IRQHandler      0x08002c4d  0x142  Code  Gb  stm32f4xx_hal_tim.o [1]
HAL_TIM_PeriodElapsedCallback
                        0x08002435   0x12  Code  Gb  main.o [1]
HAL_UART_IRQHandler     0x08001ed7  0x152  Code  Gb  stm32f4xx_hal_uart.o [1]
HAL_UART_Init           0x08001e09   0x20  Code  Gb  stm32f4xx_hal_uart.o [1]
HAL_UART_MspInit        0x080022f7   0x78  Code  Gb  stm32f4xx_hal_msp.o [1]
HAL_UART_Receive_IT     0x08001e7b   0x4a  Code  Gb  stm32f4xx_hal_uart.o [1]
HAL_UART_RxCpltCallback
                        0x080023cd   0x52  Code  Gb  main.o [1]
HEAP$$Base              0x20000588          --   Gb  - Linker created -
HEAP$$Limit             0x20000788          --   Gb  - Linker created -
LoadInt                 0x08000357   0x7a  Code  Lc  xprintffull.o [3]
MX_GPIO_Init            0x0800262d   0xac  Code  Lc  main.o [1]
MX_TIM2_Init            0x080025dd   0x50  Code  Lc  main.o [1]
NVIC_SetPriority        0x08002901   0x1a  Code  Lc  stm32f4xx_hal_cortex.o [1]
PendSV_Handler          0x08003c9b    0x2  Code  Gb  stm32f4xx_it.o [1]
Region$$Table$$Base     0x08003d24          --   Gb  - Linker created -
Region$$Table$$Limit    0x08003d44          --   Gb  - Linker created -
Rx_Buffer               0x20000808   0x64  Data  Gb  main.o [1]
Rx_data                 0x2000090e    0x2  Data  Gb  main.o [1]
Rx_indx                 0x2000090c    0x1  Data  Gb  main.o [1]
SVC_Handler             0x08003c99    0x2  Code  Gb  stm32f4xx_it.o [1]
SysTick_Handler         0x08003c9d    0xe  Code  Gb  stm32f4xx_it.o [1]
SystemClock_Config      0x0800252f   0xae  Code  Gb  main.o [1]
SystemCoreClock         0x20000000    0x4  Data  Gb  system_stm32f4xx.o [1]
SystemInit              0x08003b65   0x3a  Code  Gb  system_stm32f4xx.o [1]
TIM2_IRQHandler         0x08003cab    0x6  Code  Gb  stm32f4xx_it.o [1]
TIM_Base_SetConfig      0x08002e69   0x8e  Code  Gb  stm32f4xx_hal_tim.o [1]
TIM_ETR_SetConfig       0x08002f7f   0x14  Code  Lc  stm32f4xx_hal_tim.o [1]
TIM_ITRx_SetConfig      0x08002f6f   0x10  Code  Lc  stm32f4xx_hal_tim.o [1]
TIM_TI1_ConfigInputStage
                        0x08002f29   0x1c  Code  Lc  stm32f4xx_hal_tim.o [1]
TIM_TI2_ConfigInputStage
                        0x08002f4b   0x24  Code  Lc  stm32f4xx_hal_tim.o [1]
Transfer_cplt           0x2000090d    0x1  Data  Gb  main.o [1]
UART_DMAAbortOnError    0x08002045    0xc  Code  Lc  stm32f4xx_hal_uart.o [1]
UART_EndRxTransfer      0x08002029   0x1c  Code  Lc  stm32f4xx_hal_uart.o [1]
UART_Receive_IT         0x08002051   0x8c  Code  Lc  stm32f4xx_hal_uart.o [1]
UART_SetConfig          0x080020dd  0x13a  Code  Lc  stm32f4xx_hal_uart.o [1]
USART2_IRQHandler       0x08003cb1    0x6  Code  Gb  stm32f4xx_it.o [1]
USART3_IRQHandler       0x08003cb7    0x6  Code  Gb  stm32f4xx_it.o [1]
_Close_all              0x08003c5d   0x3c  Code  Gb  xcloseall.o [3]
_Encoding_8859_1_Mbrlen
                        0x08001221    0x2  Code  Gb  xencoding_8859_1.o [3]
_Encoding_8859_1_Wctomb
                        0x0800120f   0x12  Code  Gb  xencoding_8859_1.o [3]
_Files                  0x2000015c   0x20  Data  Gb  xfiles.o [3]
_Fofree                 0x08003ab5   0x78  Code  Gb  xfofind.o [3]
_Fspos                  0x08003645   0xd8  Code  Gb  xfspos.o [3]
_Fwprep                 0x0800395d   0xb4  Code  Gb  xfwprep.o [3]
_GenldFull              0x08000dcf  0x256  Code  Lc  xprintffull.o [3]
_LdtobFull              0x080009a7  0x3fe  Code  Lc  xprintffull.o [3]
_LitobFull              0x08000857  0x10a  Code  Lc  xprintffull.o [3]
_LocaleC_isspace        0x0800115d   0x14  Code  Gb  xlocale_c.o [3]
_LocaleC_isupper        0x08001151    0x2  Code  Gb  xlocale_c.o [3]
_LocaleC_tolower        0x08001171    0xc  Code  Gb  xlocale_c.o [3]
_Locale_lconv           0x20000004   0x38  Data  Lc  xlocale_c.o [3]
_Nnl                    0x080037c9    0xc  Code  Gb  xfgpos.o [3]
_PrintfFull             0x08000189  0x1b6  Code  Gb  xprintffull.o [3]
_Prout                  0x08003d77   0x16  Code  Gb  xprout.o [3]
_PutcharsFull           0x08001025   0x2e  Code  Lc  xprintffull.o [3]
_PutfldFull             0x080003d1  0x2d0  Code  Lc  xprintffull.o [3]
_PutstrFull             0x08000797   0xc0  Code  Lc  xprintffull.o [3]
_PuttxtFull             0x080006a1   0xf6  Code  Lc  xprintffull.o [3]
__aeabi_cdcmple         0x080016a9         Code  Gb  DblCmpLe.o [4]
__aeabi_cdrcmple        0x080016d9         Code  Gb  DblCmpGe.o [4]
__aeabi_d2iz            0x08001845         Code  Gb  DblToS32.o [4]
__aeabi_d2uiz           0x08001bd1         Code  Gb  DblToU32.o [4]
__aeabi_ddiv            0x08001989         Code  Gb  DblDiv.o [4]
__aeabi_dmul            0x080014a5         Code  Gb  DblMul.o [4]
__aeabi_dsub            0x080018a5         Code  Gb  DblSub.o [4]
__aeabi_i2d             0x08001881         Code  Gb  S32ToDbl.o [4]
__aeabi_ldiv0           0x08001c19         Code  Gb  I64DivZer.o [5]
__aeabi_memclr4         0x08002bbd         Code  Gb  ABImemclr4.o [5]
__aeabi_memcpy          0x0800130d         Code  Gb  ABImemcpy.o [5]
__aeabi_memcpy4         0x0800132d         Code  Gb  ABImemcpy.o [5]
__aeabi_memcpy8         0x0800132d         Code  Gb  ABImemcpy.o [5]
__aeabi_ui2d            0x08001bf9         Code  Gb  U32ToDbl.o [4]
__aeabi_uldivmod        0x080013b5         Code  Gb  I64DivMod.o [5]
__basic_free            0x08003587   0x16  Code  Gb  heap0.o [3]
__basic_free_intern     0x0800359d   0x78  Code  Lc  heap0.o [3]
__basic_malloc          0x080034e5   0xa2  Code  Gb  heap0.o [3]
__cexit_closeall        0x08003d6b         Code  Gb  cexit.o [5]
__close                 0x08003b35   0x1a  Code  Gb  close.o [6]
__cmain                 0x08003d45         Code  Gb  cmain.o [5]
__cstart_closeall       0x08003f14         Data  Gb  cstart_closeall.o [5]
__data_GetMemChunk      0x08003619   0x2c  Code  Gb  xgetmemchunk.o [3]
__data_GetMemChunk::start
                        0x200009dc    0x4  Data  Lc  xgetmemchunk.o [3]
__dwrite                0x080038fd   0x1e  Code  Gb  dwrite.o [6]
__exit                  0x08001d85   0x14  Code  Gb  exit.o [6]
__iar_Fail_s            0x0800122d   0x1e  Code  Gb  xfail_s.o [3]
__iar_Mbcurmax          0x08001301    0xa  Code  Gb  xmbcurmax.o [3]
__iar_Memchr            0x080012a9         Code  Gb  memchr.o [5]
__iar_Memset4_word      0x0800347d         Code  Gb  ABImemset48.o [5]
__iar_Memset8_word      0x0800347d         Code  Gb  ABImemset48.o [5]
__iar_Stderr            0x20000114   0x48  Data  Gb  xfiles.o [3]
__iar_Stdin             0x20000084   0x48  Data  Gb  xfiles.o [3]
__iar_Stdout            0x200000cc   0x48  Data  Gb  xfiles.o [3]
__iar_Stoulx            0x08002f95  0x10e  Code  Gb  iar_Stoulx.o [3]
__iar_Strchr            0x080011f9         Code  Gb  strchr.o [5]
__iar_close_ttio        0x08001d99   0x2c  Code  Gb  iarttio.o [6]
__iar_dadd              0x080018b5         Code  Gb  DblSub.o [4]
__iar_data_init3        0x08003cd9   0x28  Code  Gb  data_init.o [5]
__iar_dsub              0x08001c1d         Code  Gb  DblAdd.o [4]
__iar_dsubStart         0x08001c2f         Code  Gb  DblAdd.o [4]
__iar_frexp             0x08001645         Code  Gb  frexp.o [4]
__iar_frexpl            0x08001645         Code  Gb  frexp.o [4]
__iar_get_ttio          0x08001dc5   0x38  Code  Gb  iarttio.o [6]
__iar_globLocale        0x2000003c   0x48  Data  Lc  xlocale_c.o [3]
__iar_global_Locale     0x0800117d    0x4  Code  Gb  xlocale_c.o [3]
__iar_init_vfp          0x08003d01         Code  Gb  fpinit_M.o [4]
__iar_ldexp64           0x08001709         Code  Gb  ldexp.o [4]
__iar_lookup_ttioh      0x08001e01    0x8  Code  Gb  XShttio.o [3]
__iar_lz77_init_single3
                        0x080010d7   0x7a  Code  Gb  lz77_init_single.o [5]
__iar_program_start     0x08003da9         Code  Gb  cstartup_M.o [5]
__iar_scalbln64         0x08001709         Code  Gb  ldexp.o [4]
__iar_scalbn64          0x08001709         Code  Gb  ldexp.o [4]
__iar_sh_Discard        0x08003831   0x42  Code  Gb  XShHandles.o [3]
__iar_sh_Move           0x08003873   0x46  Code  Gb  XShHandles.o [3]
__iar_sh_Pos            0x080038b9   0x3e  Code  Gb  XShHandles.o [3]
__iar_sh_stdout         0x0800391b   0x20  Code  Gb  iarwstd.o [6]
__iar_sh_write          0x0800393b   0x22  Code  Gb  iarwrite.o [6]
__iar_softfp___iar_frexp64
                        0x08001639         Code  Gb  frexp.o [4]
__iar_softfp_frexp      0x08001639         Code  Gb  frexp.o [4]
__iar_softfp_frexpl     0x08001639         Code  Gb  frexp.o [4]
__iar_systems$$module {Abs}
                        0x00000001         Data  Gb  command line/config [2]
__iar_ttio_handles      0x2000017c    0x8  Data  Lc  XShttio.o [3]
__iar_zero_init3        0x08003c1b   0x40  Code  Gb  zero_init3.o [5]
__low_level_init        0x08003d5f    0x4  Code  Gb  low_level_init.o [3]
__lseek                 0x080037d5   0x4c  Code  Gb  lseek.o [6]
__vector_table          0x08000000         Data  Gb  startup_stm32f407xx.o [1]
__write                 0x08003821   0x10  Code  Gb  write.o [6]
_call_main              0x08003d51         Code  Gb  cmain.o [5]
_exit                   0x08003d69         Code  Gb  cexit.o [5]
_gLocale_mblen          0x080011e1    0x4  Code  Gb  xlocale_c.o [3]
_gLocale_mblenInt       0x080011a5   0x2c  Code  Gb  xlocale_c.o [3]
_gLocale_wctomb         0x080011e5    0x4  Code  Gb  xlocale_c.o [3]
_gLocale_wctombInt      0x080011dd    0x4  Code  Gb  xlocale_c.o [3]
_main                   0x08003d5b         Code  Gb  cmain.o [5]
abort                   0x08001c13    0x6  Code  Gb  abort.o [3]
atoi                    0x080030a9    0x2  Code  Gb  iar_Stoulx.o [3]
digits                  0x080030b4   0x28  Data  Lc  iar_Stoulx.o [3]
ebuf                    0x2000086c   0x50  Data  Lc  xfiles.o [3]
exit                    0x08003d63    0x4  Code  Gb  exit.o [3]
fclose                  0x08003a35   0x7e  Code  Gb  fclose.o [3]
fflush                  0x08003791   0x34  Code  Gb  fflush.o [3]
fflushOne               0x0800371d   0x74  Code  Lc  fflush.o [3]
fputc                   0x08003bc5   0x56  Code  Gb  fputc.o [3]
free                    0x08003b31    0x4  Code  Gb  heaptramp0.o [3]
fseek                   0x08003a11   0x24  Code  Gb  fseek.o [3]
htim2                   0x20000990   0x3c  Data  Gb  main.o [1]
huart2                  0x20000910   0x40  Data  Gb  main.o [1]
huart3                  0x20000950   0x40  Data  Gb  main.o [1]
isspace                 0x080034bb   0x14  Code  Gb  isspace.o [3]
ldexp                   0x08001709         Code  Gb  ldexp.o [4]
ldexpl                  0x08001709         Code  Gb  ldexp.o [4]
localeconv              0x080011e9    0x4  Code  Gb  xlocale_c.o [3]
main                    0x08002447   0xde  Code  Gb  main.o [1]
memchr                  0x080012a9         Code  Gb  memchr.o [5]
ndigs                   0x080030dc   0x28  Data  Lc  iar_Stoulx.o [3]
obuf                    0x200008bc   0x50  Data  Lc  xfiles.o [3]
printf                  0x08003105   0x28  Code  Gb  printf.o [3]
putchar                 0x08003d8d    0xc  Code  Gb  putchar.o [3]
remove                  0x08003b4f   0x16  Code  Gb  remove.o [6]
sFileInfo               0x20000788   0x80  Data  Lc  XShHandles.o [3]
scalbln                 0x08001709         Code  Gb  ldexp.o [4]
scalblnl                0x08001709         Code  Gb  ldexp.o [4]
scalbn                  0x08001709         Code  Gb  ldexp.o [4]
scalbnl                 0x08001709         Code  Gb  ldexp.o [4]
scale                   0x08000961   0x46  Code  Lc  xprintffull.o [3]
sec_hand                0x200009d8    0x4  Data  Lc  xfail_s.o [3]
strchr                  0x080011f9         Code  Gb  strchr.o [5]
strlen                  0x08001271         Code  Gb  strlen.o [5]
tolower                 0x080034cf   0x14  Code  Gb  tolower.o [3]
uwTick                  0x200009d4    0x4  Data  Gb  stm32f4xx_hal.o [1]


[1] = C:\Users\TR\Documents\STMWORKSPACE\F4_Usart_and_STEP\EWARM\F4_Usart_and_STEP\Obj
[2] = command line
[3] = dl7M_tlf.a
[4] = m7M_tls.a
[5] = rt7M_tl.a
[6] = shb_l.a

  16 100 bytes of readonly  code memory
     195 bytes of readonly  data memory
   2 524 bytes of readwrite data memory

Errors: none
Warnings: none
